--progress is a global compose flag, better use `docker compose --progress xx build ...
 Image ai-eda-assistant-frontend Building 
 Image ai-eda-assistant-backend Building 
#1 [internal] load local bake definitions
#1 reading from stdin 1.13kB done
#1 DONE 0.0s

#2 [internal] load build definition from Dockerfile
#2 DONE 0.0s

#2 [internal] load build definition from Dockerfile
#2 transferring dockerfile: 2.69kB 0.0s done
#2 DONE 0.0s

#3 resolve image config for docker-image://docker.io/docker/dockerfile:1.7
#3 DONE 1.7s

#4 docker-image://docker.io/docker/dockerfile:1.7@sha256:a57df69d0ea827fb7266491f2813635de6f17269be881f696fbfdf2d83dda33e
#4 resolve docker.io/docker/dockerfile:1.7@sha256:a57df69d0ea827fb7266491f2813635de6f17269be881f696fbfdf2d83dda33e 0.0s done
#4 CACHED

#5 [internal] load metadata for docker.io/library/node:20-bookworm-slim
#5 DONE 1.4s

#6 [internal] load .dockerignore
#6 transferring context: 164B done
#6 DONE 0.0s

#7 [internal] load build context
#7 DONE 0.0s

#8 [deps  1/10] FROM docker.io/library/node:20-bookworm-slim@sha256:2cf067cfed83d5ea958367df9f966191a942351a2df77d6f0193e162b5febfc0
#8 resolve docker.io/library/node:20-bookworm-slim@sha256:2cf067cfed83d5ea958367df9f966191a942351a2df77d6f0193e162b5febfc0 0.0s done
#8 DONE 0.0s

#9 [deps  2/10] WORKDIR /app
#9 CACHED

#7 [internal] load build context
#7 transferring context: 4.54kB 0.0s done
#7 DONE 0.0s

#10 [deps  3/10] COPY package.json package-lock.json ./
#10 DONE 0.1s

#11 [deps  4/10] RUN npm --version && node --version
#11 0.559 10.8.2
#11 0.574 v20.20.2
#11 DONE 0.6s

#12 [deps  5/10] RUN set -eux;   if [ -n "" ]; then     echo "" | base64 -d > /usr/local/share/ca-certificates/corporate-proxy.crt;     update-ca-certificates;   fi
#12 0.454 + [ -n  ]
#12 DONE 0.5s

#13 [deps  6/10] RUN set -eux;   npm config delete proxy || true;   npm config delete https-proxy || true;   yarn config delete proxy || true;   yarn config delete https-proxy || true;   if [ -f /usr/local/share/ca-certificates/corporate-proxy.crt ]; then     npm config set cafile /usr/local/share/ca-certificates/corporate-proxy.crt;     yarn config set cafile /usr/local/share/ca-certificates/corporate-proxy.crt;   fi;   npm config set registry "https://registry.npmjs.org/";   yarn config set registry "https://registry.npmjs.org/";   npm config set strict-ssl "false";   yarn config set strict-ssl "false"
#13 0.471 + npm config delete proxy
#13 0.720 + npm config delete https-proxy
#13 0.958 + yarn config delete proxy
#13 1.376 yarn config v1.22.22
#13 1.417 success Deleted "proxy".
#13 1.417 Done in 0.05s.
#13 1.441 + yarn config delete https-proxy
#13 1.716 yarn config v1.22.22
#13 1.774 success Deleted "https-proxy".
#13 1.774 Done in 0.07s.
#13 1.794 + [ -f /usr/local/share/ca-certificates/corporate-proxy.crt ]
#13 1.794 + npm config set registry https://registry.npmjs.org/
#13 2.359 + yarn config set registry https://registry.npmjs.org/
#13 2.668 yarn config v1.22.22
#13 2.712 success Set "registry" to "https://registry.npmjs.org/".
#13 2.713 Done in 0.05s.
#13 2.741 + npm config set strict-ssl false
#13 2.972 + yarn config set strict-ssl false
#13 3.250 yarn config v1.22.22
#13 3.312 success Set "strict-ssl" to "false".
#13 3.312 Done in 0.07s.
#13 DONE 3.4s

#14 [deps  7/10] RUN npm install -g yarn --prefer-offline || npm install -g yarn
#14 71.37 npm error code ERR_SSL_WRONG_VERSION_NUMBER
#14 71.37 npm error errno ERR_SSL_WRONG_VERSION_NUMBER
#14 71.37 npm error request to https://registry.npmjs.org/yarn failed, reason: 809CB42383750000:error:0A00010B:SSL routines:ssl3_get_record:wrong version number:../deps/openssl/openssl/ssl/record/ssl3_record.c:350:
#14 71.37 npm error
#14 71.37 npm error A complete log of this run can be found in: /root/.npm/_logs/2026-04-29T06_12_28_736Z-debug-0.log
#14 142.2 npm error code ERR_SSL_WRONG_VERSION_NUMBER
#14 142.2 npm error errno ERR_SSL_WRONG_VERSION_NUMBER
#14 142.2 npm error request to https://registry.npmjs.org/yarn failed, reason: 80CCF11DCE730000:error:0A00010B:SSL routines:ssl3_get_record:wrong version number:../deps/openssl/openssl/ssl/record/ssl3_record.c:350:
#14 142.2 npm error
#14 142.2 npm error A complete log of this run can be found in: /root/.npm/_logs/2026-04-29T06_13_39_658Z-debug-0.log
#14 ERROR: process "/bin/sh -c npm install -g yarn --prefer-offline || npm install -g yarn" did not complete successfully: exit code: 1
------
 > [deps  7/10] RUN npm install -g yarn --prefer-offline || npm install -g yarn:
71.37 npm error code ERR_SSL_WRONG_VERSION_NUMBER
71.37 npm error errno ERR_SSL_WRONG_VERSION_NUMBER
71.37 npm error request to https://registry.npmjs.org/yarn failed, reason: 809CB42383750000:error:0A00010B:SSL routines:ssl3_get_record:wrong version number:../deps/openssl/openssl/ssl/record/ssl3_record.c:350:
71.37 npm error
71.37 npm error A complete log of this run can be found in: /root/.npm/_logs/2026-04-29T06_12_28_736Z-debug-0.log
142.2 npm error code ERR_SSL_WRONG_VERSION_NUMBER
142.2 npm error errno ERR_SSL_WRONG_VERSION_NUMBER
142.2 npm error request to https://registry.npmjs.org/yarn failed, reason: 80CCF11DCE730000:error:0A00010B:SSL routines:ssl3_get_record:wrong version number:../deps/openssl/openssl/ssl/record/ssl3_record.c:350:
142.2 npm error
142.2 npm error A complete log of this run can be found in: /root/.npm/_logs/2026-04-29T06_13_39_658Z-debug-0.log
------
failed to solve: process "/bin/sh -c npm install -g yarn --prefer-offline || npm install -g yarn" did not complete successfully: exit code: 1

